// Jest Snapshot v1, https://goo.gl/fbAQLP

exports[`forgot page Should render with no errors 1`] = `
<ForgotPassword>
  <Container
    fluid={true}
    tag="div"
  >
    <div
      className="container-fluid"
    >
      <div
        className="forgotPassword"
      >
        <Row
          tag="div"
          widths={
            Array [
              "xs",
              "sm",
              "md",
              "lg",
              "xl",
            ]
          }
        >
          <div
            className="row"
          >
            <Col
              md="6"
              tag="div"
              widths={
                Array [
                  "xs",
                  "sm",
                  "md",
                  "lg",
                  "xl",
                ]
              }
            >
              <div
                className="col-md-6"
              >
                <Form
                  id="forgotForm"
                  onSubmit={[Function]}
                  tag="form"
                >
                  <form
                    className=""
                    id="forgotForm"
                    onSubmit={[Function]}
                  >
                    <center>
                      <h1>
                        Forgot Password?
                      </h1>
                    </center>
                    <div
                      className="forgotContainer"
                    >
                      <Label
                        tag="label"
                        widths={
                          Array [
                            "xs",
                            "sm",
                            "md",
                            "lg",
                            "xl",
                          ]
                        }
                      >
                        <label
                          className=""
                        >
                          Email
                        </label>
                      </Label>
                      <Input
                        id="emailinput"
                        onChange={[Function]}
                        placeholder="Enter your email"
                        type="text"
                        value=""
                      >
                        <input
                          className="form-control"
                          id="emailinput"
                          onChange={[Function]}
                          placeholder="Enter your email"
                          type="text"
                          value=""
                        />
                      </Input>
                      <center>
                        <br />
                        <div>
                          <Spinner
                            color="primary"
                            tag="div"
                            type="border"
                          >
                            <div
                              className="spinner-border text-primary"
                              role="status"
                            >
                              <span
                                className="sr-only"
                              >
                                Loading...
                              </span>
                            </div>
                          </Spinner>
                        </div>
                        <Alert
                          closeAriaLabel="Close"
                          color="success"
                          fade={true}
                          isOpen="true"
                          tag="div"
                          transition={
                            Object {
                              "appear": true,
                              "baseClass": "fade",
                              "baseClassActive": "show",
                              "enter": true,
                              "exit": true,
                              "in": true,
                              "mountOnEnter": false,
                              "onEnter": [Function],
                              "onEntered": [Function],
                              "onEntering": [Function],
                              "onExit": [Function],
                              "onExited": [Function],
                              "onExiting": [Function],
                              "tag": "div",
                              "timeout": 150,
                              "unmountOnExit": true,
                            }
                          }
                        >
                          <Fade
                            appear={true}
                            baseClass="fade"
                            baseClassActive="show"
                            className="alert alert-success"
                            enter={true}
                            exit={true}
                            in="true"
                            mountOnEnter={false}
                            onEnter={[Function]}
                            onEntered={[Function]}
                            onEntering={[Function]}
                            onExit={[Function]}
                            onExited={[Function]}
                            onExiting={[Function]}
                            role="alert"
                            tag="div"
                            timeout={150}
                            unmountOnExit={true}
                          >
                            <Transition
                              appear={true}
                              enter={true}
                              exit={true}
                              in="true"
                              mountOnEnter={false}
                              onEnter={[Function]}
                              onEntered={[Function]}
                              onEntering={[Function]}
                              onExit={[Function]}
                              onExited={[Function]}
                              onExiting={[Function]}
                              timeout={150}
                              unmountOnExit={true}
                            >
                              <div
                                className="alert alert-success fade"
                                role="alert"
                              />
                            </Transition>
                          </Fade>
                        </Alert>
                        <Mybutton
                          label="Submit"
                        >
                          <Button
                            color="secondary"
                            tag="button"
                            type="submit"
                          >
                            <button
                              aria-label={null}
                              className="btn btn-secondary"
                              onClick={[Function]}
                              type="submit"
                            >
                              Submit
                            </button>
                          </Button>
                        </Mybutton>
                      </center>
                    </div>
                  </form>
                </Form>
              </div>
            </Col>
            <Col
              md="6"
              tag="div"
              widths={
                Array [
                  "xs",
                  "sm",
                  "md",
                  "lg",
                  "xl",
                ]
              }
            >
              <div
                className="col-md-6"
              >
                <img
                  alt="image"
                  src="test-file-stub"
                />
              </div>
            </Col>
          </div>
        </Row>
      </div>
    </div>
  </Container>
</ForgotPassword>
`;
