// Jest Snapshot v1, https://goo.gl/fbAQLP

exports[`Service card Should match snapshot 1`] = `
<div
  className="card"
  id="card-0"
>
  <img
    alt="Test Service"
    className="service-img"
    src="imgsrc"
  />
  <div
    className="details"
  >
    <h1
      className="card-title"
    >
      Test Service
    </h1>
    <p
      className="description"
    >
      This is the service
    </p>
  </div>
</div>
`;
