// Jest Snapshot v1, https://goo.gl/fbAQLP

exports[`Login snapshot renders 1`] = `
<div>
  <h2>
    Sign In
  </h2>
  <form>
    <div
      className="container"
    >
      <label>
        Email
      </label>
      <br />
      <input
        placeholder="Enter Email"
        required={true}
        type="text"
      />
      <br />
      <label>
        Password
      </label>
      <br />
      <input
        placeholder="Enter Password"
        required={true}
        type="text"
      />
      <br />
      <button
        type="submit"
      >
        Login
      </button>
    </div>
  </form>
</div>
`;
