// Jest Snapshot v1, https://goo.gl/fbAQLP

exports[`Footer Should match snapshot 1`] = `
<Container
  fluid={true}
  tag="div"
>
  <Row
    className="navigation-title"
    tag="div"
    widths={
      Array [
        "xs",
        "sm",
        "md",
        "lg",
        "xl",
      ]
    }
  >
    <Col
      tag="div"
      widths={
        Array [
          "xs",
          "sm",
          "md",
          "lg",
          "xl",
        ]
      }
    >
      <h1
        className="nav-title text-warning"
      >
        barefoot NOMAD
      </h1>
    </Col>
    <Col
      tag="div"
      widths={
        Array [
          "xs",
          "sm",
          "md",
          "lg",
          "xl",
        ]
      }
    >
      <ul
        className="center-ele"
      >
        <form>
          <select
            className="lang-form"
          >
            <option
              value="english"
            >
              English
            </option>
            <option
              value="kinyarwanda"
            >
              Kinyarwanda
            </option>
            <option
              value="français"
            >
              Français
            </option>
          </select>
        </form>
      </ul>
    </Col>
  </Row>
  <nav
    className="navbar navbar-expand-lg navbar-light custom-nav"
  >
    <Link
      className="navbar-brand mr-5"
      to="/"
    >
      <img
        alt="logo"
        className="logo"
        src="test-file-stub"
      />
    </Link>
    <button
      aria-controls="navbarSupportedContent"
      aria-expanded="false"
      aria-label="Toggle navigation"
      className="navbar-toggler"
      data-target="#navbarSupportedContent"
      data-toggle="collapse"
      type="button"
    >
      <span
        className="navbar-toggler-icon"
      />
    </button>
    <div
      className="collapse navbar-collapse"
      id="navbarSupportedContent"
    >
      <ul
        className="navbar-nav ml-5"
      >
        <li
          className="nav-item active"
        >
          <Link
            className="nav-link text-warning ml-4"
            to="/"
          >
            Home
            <span
              className="sr-only"
            >
              (current)
            </span>
          </Link>
        </li>
        <li
          className="nav-item"
        >
          <Link
            className="nav-link text-warning ml-4"
            to="/"
          >
            Travel Tips
          </Link>
        </li>
        <li
          className="nav-item"
        >
          <Link
            className="nav-link text-warning ml-4"
            to="/login"
          >
            About
          </Link>
        </li>
        <li
          className="nav-item"
        >
          <Link
            className="nav-link text-warning ml-4"
            to="/signup"
          >
            Sign Up
          </Link>
        </li>
        <li
          className="nav-item text-warning"
        >
          <Link
            className="nav-link text-warning ml-4"
            to="/"
          >
            Services
          </Link>
        </li>
        <li
          className="nav-item"
        >
          <Link
            className="nav-link text-warning ml-4"
            to="/"
          >
            Contact
          </Link>
        </li>
        <li
          className="nav-item"
        >
          <Link
            className="nav-link text-warning ml-4"
            to="/profile"
          >
            Profile
          </Link>
        </li>
        <li
          className="nav-item"
        >
          <Link
            className="nav-link text-warning ml-4"
            to="/"
          >
            <button
              className="book-btn"
            >
              Book now
            </button>
          </Link>
        </li>
        <input
          className="search-input"
          placeholder=""
          type="search"
        />
      </ul>
    </div>
  </nav>
</Container>
`;
